#-----------------------------------------------------------
# Vivado v2016.4 (64-bit)
# SW Build 1756540 on Mon Jan 23 19:11:23 MST 2017
# IP Build 1755317 on Mon Jan 23 20:30:07 MST 2017
# Start of session at: Sat Apr 15 17:13:31 2017
# Process ID: 21064
# Current directory: C:/Users/tmcphill/GitRepos/ultrazed-eg-platforms/starter-kit-demo/starter-kit-demo.runs/starter_kit_demo_design_axi_gpio_1_0_synth_1
# Command line: vivado.exe -log starter_kit_demo_design_axi_gpio_1_0.vds -product Vivado -mode batch -messageDb vivado.pb -notrace -source starter_kit_demo_design_axi_gpio_1_0.tcl
# Log file: C:/Users/tmcphill/GitRepos/ultrazed-eg-platforms/starter-kit-demo/starter-kit-demo.runs/starter_kit_demo_design_axi_gpio_1_0_synth_1/starter_kit_demo_design_axi_gpio_1_0.vds
# Journal file: C:/Users/tmcphill/GitRepos/ultrazed-eg-platforms/starter-kit-demo/starter-kit-demo.runs/starter_kit_demo_design_axi_gpio_1_0_synth_1\vivado.jou
#-----------------------------------------------------------
source starter_kit_demo_design_axi_gpio_1_0.tcl -notrace
